// Jest Snapshot v1, https://goo.gl/fbAQLP

exports[`should render AddExpensePage correctly 1`] = `
<div>
  <div
    className="hero is-light"
  >
    <h1
      className="title is-1"
    >
      Add expense
    </h1>
    <ExpenseForm
      onSubmit={[Function]}
    />
  </div>
</div>
`;
