// Jest Snapshot v1, https://goo.gl/fbAQLP

exports[`should render EditExpensePage correctly 1`] = `
<div>
  <section
    className="section"
  >
    <div
      className="container"
    >
      <div>
        <h2
          className="title is-2"
        >
          Edit
          <span
            className="title is-4"
          >
            Â 
            adb329fa-d15a-4605-8e09-44f544a69230
          </span>
        </h2>
        <div
          className="card"
        >
          <div
            className="card-content"
          >
            <ExpenseForm
              expense={
                Object {
                  "amount": 200,
                  "createdAt": 1597615000,
                  "description": "Description B",
                  "id": "adb329fa-d15a-4605-8e09-44f544a69230",
                  "notes": "notes notes notes 2",
                }
              }
              onSubmit={[Function]}
            />
            <button
              className="button is-small is-danger"
              onClick={[Function]}
            >
              Delete
            </button>
          </div>
        </div>
      </div>
    </div>
  </section>
</div>
`;
