// Jest Snapshot v1, https://goo.gl/fbAQLP

exports[`should render Header 1`] = `
<div
  className=""
>
  <nav
    className="navbar is-dark"
  >
    <div
      className="navbar-brand has-text-grey-light"
    >
      <NavLink
        activeClassName="is-active"
        ariaCurrent="true"
        className="navbar-item"
        exact={true}
        to="/"
      >
        Todos
      </NavLink>
      <NavLink
        activeClassName="is-active"
        ariaCurrent="true"
        className="navbar-item"
        to="/create"
      >
        Create
      </NavLink>
      <div
        className="navbar-burger burger"
        data-target="navMainMenu"
      >
        <span />
        <span />
        <span />
      </div>
    </div>
    <div
      className="navbar-menu"
      id="navMainMenu"
    >
      <div
        className="navbar-start"
      >
        <NavLink
          activeClassName="is-active"
          ariaCurrent="true"
          className="navbar-item"
          to="/404"
        >
          Not found
        </NavLink>
        <NavLink
          activeClassName="is-active"
          ariaCurrent="true"
          className="navbar-item"
          to="/edit/___"
        >
          Edit a page
        </NavLink>
        <NavLink
          activeClassName="is-active"
          ariaCurrent="true"
          className="navbar-item"
          to="/help"
        >
          Help
        </NavLink>
      </div>
    </div>
  </nav>
</div>
`;
