// Jest Snapshot v1, https://goo.gl/fbAQLP

exports[`Should render LoginPage 1`] = `
<div
  className="hero is-primary"
>
  <h1
    className="title is-1"
  >
    Login
  </h1>
  <button
    data-test-id="login-page-button"
    onClick={[Function]}
  >
    login
  </button>
</div>
`;
