// Jest Snapshot v1, https://goo.gl/fbAQLP

exports[`Should render NotFoundPage 1`] = `
<div
  className="hero is-danger"
>
  <h1
    className="title is-1"
  >
    Page not found.
  </h1>
  <p>
    go 
    <Link
      replace={false}
      to="/"
    >
      home
    </Link>
  </p>
</div>
`;
